// Jest Snapshot v1, https://goo.gl/fbAQLP

exports[`ConfirmationDialogContext it has context data 1`] = `
<ContextProvider
  value={
    Object {
      "confirmed": null,
      "content": null,
      "open": null,
      "setConfirmed": [Function],
      "setContent": [Function],
      "setOpen": [Function],
      "setTitle": [Function],
      "title": "Confirmation",
    }
  }
>
  <ChildComponent />
</ContextProvider>
`;
