// Jest Snapshot v1, https://goo.gl/fbAQLP

exports[`Header with user logged in renders a header 1`] = `
<DocumentFragment>
  <header
    class="PodBrowser-header-banner"
  >
    <div
      class="PodBrowser-logoContainer"
    >
      <a
        data-testid="header-banner-logo"
        href="/"
      >
        <img
          alt="Inrupt PodBrowser"
          class="PodBrowser-header-banner__logo-image"
          height="40"
          src="/inrupt_logo-2020.svg"
        />
      </a>
    </div>
    <div
      class="PodBrowser-hamburgerMenu"
    >
      <button
        class="PodBrowser-root PodBrowser-root PodBrowser-text"
        tabindex="0"
        type="button"
      >
        <span
          class="PodBrowser-label"
        >
          <i
            aria-label="Menu"
            class="PodBrowser-icon-bars PodBrowser-icon"
          />
        </span>
        <span
          class="PodBrowser-root"
        />
      </button>
    </div>
    <div
      class="PodBrowser-main-nav-container"
    >
      <nav
        class="PodBrowser-header-banner__main-nav"
      >
        <ul
          class="PodBrowser-main-nav__list"
        >
          <li
            class="PodBrowser-main-nav__item"
            data-testid="main-nav-item"
          >
            <a
              class="PodBrowser-header-banner__aside-menu-trigger"
              href="/"
              type="button"
            >
              <i
                class="PodBrowser-icon-files PodBrowser-header-banner__aside-menu-trigger-icon"
              />
              Files
            </a>
          </li>
          <li
            class="PodBrowser-main-nav__item"
            data-testid="main-nav-item"
          >
            <a
              class="PodBrowser-header-banner__aside-menu-trigger"
              href="/contacts"
              type="button"
            >
              <i
                class="PodBrowser-icon-users PodBrowser-header-banner__aside-menu-trigger-icon"
              />
              Contacts
            </a>
          </li>
          <li
            class="PodBrowser-main-nav__item"
            data-testid="main-nav-item"
          >
            <a
              class="PodBrowser-header-banner__aside-menu-trigger"
              href="/bookmarks"
              type="button"
            >
              <i
                class="PodBrowser-icon-star PodBrowser-header-banner__aside-menu-trigger-icon"
              />
              Bookmarks
            </a>
          </li>
        </ul>
      </nav>
    </div>
    <div
      class="PodBrowser-userMenu"
    >
      <div
        class="PodBrowser-header-banner__aside-menu PodBrowser-header-banner__aside-menu--popup"
      >
        <button
          aria-controls="UserMenu"
          aria-expanded="true"
          aria-haspopup="true"
          class="PodBrowser-header-banner__aside-menu-trigger"
          data-testid="user-menu-button"
          type="button"
        >
          <i
            aria-label="User Menu"
            class="PodBrowser-icon-user PodBrowser-header-banner__aside-menu-trigger-icon"
          />
        </button>
        <div
          aria-hidden="true"
          class="PodBrowser-header-banner__aside-menu-popup"
          id="UserMenu"
        >
          <ul
            class="PodBrowser-header-banner__user-menu"
          >
            <li
              class="PodBrowser-header-banner__user-menu-item"
              style="z-index: 100;"
            >
              <button
                class="PodBrowser-header-banner__user-menu-item-trigger"
                type="button"
              >
                <i
                  class="PodBrowser-icon-user PodBrowser-header-banner__user-menu-item-icon"
                />
                <span
                  class="PodBrowser-header-banner__user-menu-item-label"
                >
                  Profile
                </span>
              </button>
            </li>
            <li
              class="PodBrowser-header-banner__user-menu-item"
              style="z-index: 100;"
            >
              <div
                role="button"
                tabindex="0"
              >
                <button
                  class="PodBrowser-header-banner__user-menu-item-trigger"
                  data-testid="logout-button"
                  type="button"
                >
                  <i
                    class="PodBrowser-icon-log-out PodBrowser-header-banner__user-menu-item-icon"
                  />
                  <span
                    class="PodBrowser-header-banner__user-menu-item-label"
                  >
                    Log out
                  </span>
                </button>
              </div>
            </li>
          </ul>
        </div>
      </div>
    </div>
  </header>
</DocumentFragment>
`;

exports[`Header with user logged out renders nothing 1`] = `
<DocumentFragment>
  <header
    class="PodBrowser-header-banner"
  >
    <div
      class="PodBrowser-logoContainer"
    >
      <a
        data-testid="header-banner-logo"
        href="/"
      >
        <img
          alt="Inrupt PodBrowser"
          class="PodBrowser-header-banner__logo-image"
          height="40"
          src="/inrupt_logo-2020.svg"
        />
      </a>
    </div>
  </header>
</DocumentFragment>
`;
