// Jest Snapshot v1, https://goo.gl/fbAQLP

exports[`GroupListEmpty renders 1`] = `
<DocumentFragment>
  <div
    class="PodBrowser-group-list-empty"
    data-testid="group-list-empty"
  >
    No groups
  </div>
</DocumentFragment>
`;
