// Jest Snapshot v1, https://goo.gl/fbAQLP

exports[`Delete link it renders a delete link 1`] = `
<a
  data-testid="delete-button"
  href="#delete"
  onClick={[Function]}
/>
`;
