// Jest Snapshot v1, https://goo.gl/fbAQLP

exports[`AddAgentButton renders a button with the correct text 1`] = `
<DocumentFragment>
  <button
    class="PodBrowser-button PodBrowser-button--text"
    data-testid="add-agent-button"
  >
    <span
      class="PodBrowser-icon-edit PodBrowser-button__icon PodBrowser-button__icon--before"
    />
    <span
      class="PodBrowser-button__text"
    >
      Edit Editors
    </span>
  </button>
</DocumentFragment>
`;
