// Jest Snapshot v1, https://goo.gl/fbAQLP

exports[`AgentTableTabs renders tabs 1`] = `
<DocumentFragment>
  <div
    class="PodBrowser-tabsContainer"
    data-testid="agent-table-tabs"
  >
    <div
      class="PodBrowser-root"
    >
      <div
        class="PodBrowser-scroller PodBrowser-fixed"
        style="overflow: hidden;"
      >
        <div
          aria-label="Permissions Filter tabs"
          class="PodBrowser-flexContainer"
          role="tablist"
        >
          <button
            aria-selected="false"
            class="PodBrowser-root PodBrowser-root PodBrowser-tab PodBrowser-textColorInherit"
            data-testid="agent-table-tabs-all"
            role="tab"
            tabindex="-1"
            type="button"
          >
            <span
              class="PodBrowser-wrapper"
            >
              All
            </span>
            <span
              class="PodBrowser-root"
            />
          </button>
          <button
            aria-selected="true"
            class="PodBrowser-root PodBrowser-root PodBrowser-tab PodBrowser-textColorInherit PodBrowser-selected PodBrowser-selected"
            data-testid="agent-table-tabs-people"
            role="tab"
            tabindex="0"
            type="button"
          >
            <span
              class="PodBrowser-wrapper"
            >
              People
            </span>
            <span
              class="PodBrowser-root"
            />
          </button>
          <button
            aria-selected="false"
            class="PodBrowser-root PodBrowser-root PodBrowser-tab PodBrowser-textColorInherit"
            data-testid="agent-table-tabs-groups"
            role="tab"
            tabindex="-1"
            type="button"
          >
            <span
              class="PodBrowser-wrapper"
            >
              Groups
            </span>
            <span
              class="PodBrowser-root"
            />
          </button>
        </div>
        <span
          class="PodBrowser-root PodBrowser-colorSecondary PodBrowser-indicator PodBrowser-indicator"
          style="left: 0px; width: 0px;"
        />
      </div>
    </div>
  </div>
</DocumentFragment>
`;
