// Jest Snapshot v1, https://goo.gl/fbAQLP

exports[`ProviderLogin form Renders a webid login form, with button bound to login 1`] = `
<form
  onSubmit={[Function]}
>
  <Styled(MuiBox)
    my={2}
  >
    <WithStyles(ForwardRef(Select))
      onChange={[Function]}
      value="ESS Demo"
    >
      <WithStyles(ForwardRef(MenuItem))
        key="ESS Demo"
        value="ESS Demo"
      >
        ESS Demo
      </WithStyles(ForwardRef(MenuItem))>
      <WithStyles(ForwardRef(MenuItem))
        key="dev.inrupt.net"
        value="dev.inrupt.net"
      >
        dev.inrupt.net
      </WithStyles(ForwardRef(MenuItem))>
      <WithStyles(ForwardRef(MenuItem))
        value="other"
      >
        Other
      </WithStyles(ForwardRef(MenuItem))>
    </WithStyles(ForwardRef(Select))>
    <Styled(MuiBox)
      mt={2}
    >
      <WithStyles(ForwardRef(Button))
        color="primary"
        type="submit"
        variant="contained"
      >
        Log In
      </WithStyles(ForwardRef(Button))>
    </Styled(MuiBox)>
  </Styled(MuiBox)>
</form>
`;
