// Jest Snapshot v1, https://goo.gl/fbAQLP

exports[`Index page Renders a logout button 1`] = `
<WithStyles(ForwardRef(Container))>
  <Home />
</WithStyles(ForwardRef(Container))>
`;
