// Jest Snapshot v1, https://goo.gl/fbAQLP

exports[`ContainerDetailsButton Renders view 1`] = `
<DocumentFragment>
  <a
    data-testid="folder-details-button"
    href="/resource/[iri]?action=details&resourceIri="
  >
    Folder Details
  </a>
</DocumentFragment>
`;
