// Jest Snapshot v1, https://goo.gl/fbAQLP

exports[`UserContext it has context data 1`] = `<Component />`;
