// Jest Snapshot v1, https://goo.gl/fbAQLP

exports[`Spinner Renders a spinner 1`] = `
<WithStyles(ForwardRef(Container))>
  <WithStyles(ForwardRef(CircularProgress))
    className="makeStyles-MuiCicularProgress-root-1"
    color="primary"
  />
</WithStyles(ForwardRef(Container))>
`;
