// Jest Snapshot v1, https://goo.gl/fbAQLP

exports[`DetailsLoading Renders a details error view 1`] = `
<Fragment>
  <section
    className="makeStyles-centeredSection-2"
  >
    <WithStyles(ForwardRef(Typography))
      title="iri"
      variant="h3"
    >
      name
    </WithStyles(ForwardRef(Typography))>
  </section>
  <section
    className="makeStyles-centeredSection-2"
  >
    <WithStyles(ForwardRef(Typography))
      variant="h5"
    >
      Details
    </WithStyles(ForwardRef(Typography))>
  </section>
  <WithStyles(ForwardRef(Divider)) />
  <section
    className="makeStyles-centeredSection-2"
  >
    <WithStyles(ForwardRef(Typography))
      variant="h5"
    >
      My Access
    </WithStyles(ForwardRef(Typography))>
    <WithStyles(ForwardRef(List))>
      <WithStyles(ForwardRef(ListItem))
        className="makeStyles-listItem-4"
      >
        <WithStyles(ForwardRef(Skeleton))
          className="makeStyles-avatar-7"
          height={40}
          variant="circle"
          width={45}
        />
        <WithStyles(ForwardRef(Skeleton))
          variant="text"
          width="100%"
        />
      </WithStyles(ForwardRef(ListItem))>
    </WithStyles(ForwardRef(List))>
  </section>
  <section
    className="makeStyles-centeredSection-2"
  >
    <WithStyles(ForwardRef(Typography))
      variant="h5"
    >
      Sharing
    </WithStyles(ForwardRef(Typography))>
    <WithStyles(ForwardRef(List))>
      <WithStyles(ForwardRef(ListItem))
        className="makeStyles-listItem-4"
      >
        <WithStyles(ForwardRef(Skeleton))
          className="makeStyles-avatar-7"
          height={40}
          variant="circle"
          width={45}
        />
        <WithStyles(ForwardRef(Skeleton))
          variant="text"
          width="100%"
        />
      </WithStyles(ForwardRef(ListItem))>
    </WithStyles(ForwardRef(List))>
  </section>
  <WithStyles(ForwardRef(Divider)) />
  <section
    className="makeStyles-centeredSection-2"
  >
    <WithStyles(ForwardRef(List))>
      <WithStyles(ForwardRef(ListItem))
        className="makeStyles-listItem-4"
      >
        <WithStyles(ForwardRef(Typography))
          className="makeStyles-detailText-5"
        >
          Thing Type:
        </WithStyles(ForwardRef(Typography))>
        <WithStyles(ForwardRef(Skeleton))
          variant="text"
          width="50%"
        />
      </WithStyles(ForwardRef(ListItem))>
    </WithStyles(ForwardRef(List))>
  </section>
</Fragment>
`;
