// Jest Snapshot v1, https://goo.gl/fbAQLP

exports[`NotSupported renders 1`] = `
<DocumentFragment>
  <div
    class="PodBrowser-page-header"
  >
    <h1
      class="PodBrowser-page-header__title"
    >
      Resource Not Supported
    </h1>
    <div
      class="PodBrowser-page-header__content"
    />
    <div
      class="PodBrowser-page-header__toolbar"
    />
  </div>
  <div
    class="PodBrowser-container"
  >
    <div
      class="PodBrowser-content"
    >
      <p>
        PodBrowser can only show resources that are Solid containers.
      </p>
      <p>
        <span>
          Navigate to the resource directly (this will navigate away from PodBrowser):Â 
        </span>
        <a
          href="https%3A%2F%2Fmypod.myhost.com"
        >
          https%3A%2F%2Fmypod.myhost.com
        </a>
      </p>
    </div>
  </div>
</DocumentFragment>
`;
