// Jest Snapshot v1, https://goo.gl/fbAQLP

exports[`Delete contact button it renders a delete contact button 1`] = `
<DocumentFragment>
  <button
    class="PodBrowser-button PodBrowser-button--action"
    data-testid="delete-button"
    type="button"
  >
    Delete
  </button>
</DocumentFragment>
`;
