// Jest Snapshot v1, https://goo.gl/fbAQLP

exports[`Notification Renders a Notification 1`] = `<DocumentFragment />`;
